// Jest Snapshot v1, https://goo.gl/fbAQLP

exports[`Settlement Transfer Date Estimate Should calculate a Settlement Transfer Date Estimate 1`] = `"{\\"ok\\":true,\\"initialQuery\\":{\\"initialDate\\":\\"2018-11-10T10:10:10Z\\",\\"delay\\":3},\\"results\\":{\\"businessDate\\":\\"2018-11-10T10:10:10Z\\",\\"totalDays\\":0,\\"holidayDays\\":0,\\"weekendDays\\":0}}"`;

exports[`Settlement Transfer Date Estimate Should calculate a Settlement Transfer Date Estimate 2`] = `"{\\"ok\\":true,\\"initialQuery\\":{\\"initialDate\\":\\"2018-11-15T10:10:10Z\\",\\"delay\\":3},\\"results\\":{\\"businessDate\\":\\"2018-11-15T10:10:10Z\\",\\"totalDays\\":0,\\"holidayDays\\":0,\\"weekendDays\\":0}}"`;

exports[`Settlement Transfer Date Estimate Should calculate a Settlement Transfer Date Estimate 3`] = `"{\\"ok\\":true,\\"initialQuery\\":{\\"initialDate\\":\\"2018-12-25T10:10:10Z\\",\\"delay\\":20},\\"results\\":{\\"businessDate\\":\\"2018-12-25T10:10:10Z\\",\\"totalDays\\":0,\\"holidayDays\\":0,\\"weekendDays\\":0}}"`;
